// Jest Snapshot v1, https://goo.gl/fbAQLP

exports[`Auth Wrapper Component Auth Wrapper component should render 1`] = `ShallowWrapper {}`;
