// Jest Snapshot v1, https://goo.gl/fbAQLP

exports[`Button Component Button component should render 1`] = `ShallowWrapper {}`;
