// Jest Snapshot v1, https://goo.gl/fbAQLP

exports[`Comment Component Comment component should render 1`] = `ShallowWrapper {}`;
