// Jest Snapshot v1, https://goo.gl/fbAQLP

exports[`Footer Component Footer component should render 1`] = `ShallowWrapper {}`;
