// Jest Snapshot v1, https://goo.gl/fbAQLP

exports[`Full Page Loader Component Full Page Loader component should render 1`] = `ShallowWrapper {}`;
