// Jest Snapshot v1, https://goo.gl/fbAQLP

exports[`Header Component Header component should render 1`] = `ShallowWrapper {}`;
