// Jest Snapshot v1, https://goo.gl/fbAQLP

exports[`Routes test Route should render 1`] = `ShallowWrapper {}`;
