// Jest Snapshot v1, https://goo.gl/fbAQLP

exports[`Ask Question Component Ask question component should render 1`] = `ShallowWrapper {}`;
