// Jest Snapshot v1, https://goo.gl/fbAQLP

exports[`Create meetup Component Create meetup component should render 1`] = `ShallowWrapper {}`;
