// Jest Snapshot v1, https://goo.gl/fbAQLP

exports[`Landing Component Landing component should render 1`] = `ShallowWrapper {}`;
