// Jest Snapshot v1, https://goo.gl/fbAQLP

exports[`Meetups Component Meetups component should render 1`] = `ShallowWrapper {}`;
