// Jest Snapshot v1, https://goo.gl/fbAQLP

exports[`Question Component Question component should render 1`] = `ShallowWrapper {}`;
