// Jest Snapshot v1, https://goo.gl/fbAQLP

exports[`Questions Component Questions component should render 1`] = `ShallowWrapper {}`;
